// Jest Snapshot v1, https://goo.gl/fbAQLP

exports[`CourseListItem should receive props 1`] = `ShallowWrapper {}`;
