// Jest Snapshot v1, https://goo.gl/fbAQLP

exports[`Course should receive props 1`] = `ShallowWrapper {}`;
